<html>
<body>
<pre>
<h1>礦ision Build Log</h1>
<h2>Tool Versions:</h2>
IDE-Version: μVision V5.24.2.86
Copyright (C) 2017 ARM Ltd and ARM Germany GmbH. All rights reserved.
License Information: xz luo, a, LIC=----
 
Tool Versions:
Toolchain:       MDK-Lite  Version: 5.28.0.0
Toolchain Path:  C:\Keil_v5\ARM\ARMCC\Bin
C Compiler:      Armcc.exe V5.06 update 6 (build 750)
Assembler:       Armasm.exe V5.06 update 6 (build 750)
Linker/Locator:  ArmLink.exe V5.06 update 6 (build 750)
Library Manager: ArmAr.exe V5.06 update 6 (build 750)
Hex Converter:   FromElf.exe V5.06 update 6 (build 750)
CPU DLL:         SARMCM3.DLL V5.28.0.0
Dialog DLL:      DARMCM1.DLL V1.19.2.0
Target DLL:      CMSIS_AGDI.dll V1.31.18.0
Dialog DLL:      TARMCM1.DLL V1.14.1.0
 
<h2>Project:</h2>
D:\Puya\1、PT068_TouchLib\PY32T020系列开发包 V1.2.13\PY32T020触摸开发资料 V1.2.13\1、Touch Library\PY32T020_Touch_Library_V1.2.13\Project - Code\MDK-ARM\Py32t020xx_Touch.uvprojx
Project File Date:  06/05/2024

<h2>Output:</h2>
*** Using Compiler 'V5.06 update 6 (build 750)', folder: 'C:\Keil_v5\ARM\ARMCC\Bin'
Build target 'Py32t020xx'
compiling tim14_drivers.c...
compiling uart_task.c...
compiling smg_task.c...
compiling smg_drivers.c...
compiling tim1_drivers.c...
compiling main.c...
compiling beep_drivers.c...
compiling drivers.c...
compiling argb_task.c...
compiling uart_drivers.c...
compiling adc_task.c...
compiling adc_drivers.c...
compiling tm1624.c...
compiling spi-led_drivers.c...
compiling tm1640.c...
compiling user-otp_drivers.c...
compiling ir_received.c...
compiling tk_user.c...
linking...
Program Size: Code=10996 RO-data=728 RW-data=156 ZI-data=1524  
FromELF: creating hex file...
".\Output\Py32t020xx_TouchKey_StartKit.axf" - 0 Error(s), 0 Warning(s).

<h2>Software Packages used:</h2>

Package Vendor: ARM
                http://www.keil.com/pack/ARM.CMSIS.5.5.1.pack
                ARM.CMSIS.5.5.1
                CMSIS (Cortex Microcontroller Software Interface Standard)
   * Component: CORE Version: 5.2.0

Package Vendor: Puya
                https://www.puyasemi.com/uploadfiles/Puya.PY32T0xx_DFP.0.0.6.pack
                Puya.PY32T0xx_DFP.0.0.6
                Puya PY32T0 Series Device Support

<h2>Collection of Component include folders:</h2>
  .\RTE\_Py32t020xx
  D:\Users\Administrator\AppData\Local\Arm\Packs\ARM\CMSIS\5.5.1\CMSIS\Core\Include
  D:\Users\Administrator\AppData\Local\Arm\Packs\Puya\PY32T0xx_DFP\0.0.6\Drivers\CMSIS\Device\PY\PY32T0xx\Include

<h2>Collection of Component Files used:</h2>

   * Component: ARM::CMSIS:CORE:5.2.0
Build Time Elapsed:  00:00:03
</pre>
</body>
</html>
